// Jest Snapshot v1, https://goo.gl/fbAQLP

exports[`installing update from update channels given no update channel selection is stored, when started renders 1`] = `
<body>
  <div>
    <div
      class="Notifications flex column align-flex-end"
    />
  </div>
</body>
`;

exports[`installing update from update channels given no update channel selection is stored, when started when user checks for updates renders 1`] = `
<body>
  <div>
    <div
      class="Notifications flex column align-flex-end"
    />
  </div>
</body>
`;

exports[`installing update from update channels given no update channel selection is stored, when started when user checks for updates when new update is discovered renders 1`] = `
<body>
  <div>
    <div
      class="Notifications flex column align-flex-end"
    />
  </div>
</body>
`;

exports[`installing update from update channels given no update channel selection is stored, when started when user checks for updates when new update is discovered when download succeeds renders 1`] = `
<body>
  <div>
    <div
      class="Notifications flex column align-flex-end"
    />
  </div>
</body>
`;
